// Jest Snapshot v1, https://goo.gl/fbAQLP

exports[`renders correctly with rating 1`] = `
<View
  accessibilityRole="button"
  accessible={true}
  collapsable={false}
  focusable={true}
  onClick={[Function]}
  onResponderGrant={[Function]}
  onResponderMove={[Function]}
  onResponderRelease={[Function]}
  onResponderTerminate={[Function]}
  onResponderTerminationRequest={[Function]}
  onStartShouldSetResponder={[Function]}
  style={
    Object {
      "flexDirection": "row",
      "marginBottom": 5,
      "opacity": 1,
      "paddingVertical": 10,
    }
  }
>
  <View
    style={
      Object {
        "height": 100,
        "width": 71,
      }
    }
  >
    <View
      style={
        Array [
          Object {
            "height": "100%",
            "position": "absolute",
            "width": "100%",
          },
          Object {
            "backgroundColor": "#555",
          },
        ]
      }
    />
    <View
      collapsable={false}
      style={
        Object {
          "height": "100%",
          "opacity": 0,
          "position": "absolute",
          "width": "100%",
        }
      }
    >
      <View
        style={
          Array [
            Object {
              "overflow": "hidden",
            },
            Object {
              "height": "100%",
              "position": "absolute",
              "width": "100%",
            },
          ]
        }
      >
        <FastImageView
          accessibilityLabel="Poster of Under the Dome"
          onFastImageLoadEnd={[Function]}
          resizeMode="contain"
          source={
            Object {
              "uri": "https://static.tvmaze.com/uploads/images/medium_portrait/81/202627.jpg",
            }
          }
          style={
            Object {
              "bottom": 0,
              "left": 0,
              "position": "absolute",
              "right": 0,
              "top": 0,
            }
          }
        />
      </View>
    </View>
  </View>
  <View
    style={
      Object {
        "flex": 1,
        "justifyContent": "center",
        "paddingHorizontal": 10,
      }
    }
  >
    <View
      style={
        Object {
          "flexDirection": "row",
          "justifyContent": "space-between",
        }
      }
    >
      <Text
        ellipsizeMode="tail"
        numberOfLines={1}
        style={
          Array [
            Object {
              "color": "#FFF",
              "fontSize": 18,
              "fontWeight": "500",
            },
            undefined,
          ]
        }
      >
        Under the Dome
      </Text>
      <MockedFavoriteIndicator
        id={1}
        type="show"
      />
    </View>
    <Text
      style={
        Array [
          Object {
            "color": "#999",
            "fontSize": 16,
            "fontWeight": "500",
          },
          undefined,
        ]
      }
    >
      (
      2013
      )
    </Text>
    <Text
      style={
        Array [
          Object {
            "color": "#FFF",
            "fontSize": 16,
            "fontWeight": "400",
          },
          undefined,
        ]
      }
    >
      Rating: 
      6.5
    </Text>
  </View>
</View>
`;

exports[`renders correctly without rating 1`] = `
<View
  accessibilityRole="button"
  accessible={true}
  collapsable={false}
  focusable={true}
  onClick={[Function]}
  onResponderGrant={[Function]}
  onResponderMove={[Function]}
  onResponderRelease={[Function]}
  onResponderTerminate={[Function]}
  onResponderTerminationRequest={[Function]}
  onStartShouldSetResponder={[Function]}
  style={
    Object {
      "flexDirection": "row",
      "marginBottom": 5,
      "opacity": 1,
      "paddingVertical": 10,
    }
  }
>
  <View
    style={
      Object {
        "height": 100,
        "width": 71,
      }
    }
  >
    <View
      style={
        Array [
          Object {
            "height": "100%",
            "position": "absolute",
            "width": "100%",
          },
          Object {
            "backgroundColor": "#555",
          },
        ]
      }
    />
    <View
      collapsable={false}
      style={
        Object {
          "height": "100%",
          "opacity": 0,
          "position": "absolute",
          "width": "100%",
        }
      }
    >
      <View
        style={
          Array [
            Object {
              "overflow": "hidden",
            },
            Object {
              "height": "100%",
              "position": "absolute",
              "width": "100%",
            },
          ]
        }
      >
        <FastImageView
          accessibilityLabel="Poster of Under the Dome"
          onFastImageLoadEnd={[Function]}
          resizeMode="contain"
          source={
            Object {
              "uri": "https://static.tvmaze.com/uploads/images/medium_portrait/81/202627.jpg",
            }
          }
          style={
            Object {
              "bottom": 0,
              "left": 0,
              "position": "absolute",
              "right": 0,
              "top": 0,
            }
          }
        />
      </View>
    </View>
  </View>
  <View
    style={
      Object {
        "flex": 1,
        "justifyContent": "center",
        "paddingHorizontal": 10,
      }
    }
  >
    <View
      style={
        Object {
          "flexDirection": "row",
          "justifyContent": "space-between",
        }
      }
    >
      <Text
        ellipsizeMode="tail"
        numberOfLines={1}
        style={
          Array [
            Object {
              "color": "#FFF",
              "fontSize": 18,
              "fontWeight": "500",
            },
            undefined,
          ]
        }
      >
        Under the Dome
      </Text>
      <MockedFavoriteIndicator
        id={1}
        type="show"
      />
    </View>
    <Text
      style={
        Array [
          Object {
            "color": "#999",
            "fontSize": 16,
            "fontWeight": "500",
          },
          undefined,
        ]
      }
    >
      (
      2013
      )
    </Text>
    <Text
      style={
        Array [
          Object {
            "color": "#FFF",
            "fontSize": 16,
            "fontWeight": "400",
          },
          undefined,
        ]
      }
    >
      Rating: 
      -
    </Text>
  </View>
</View>
`;
